Test for 1-my_list
====================

>>> MyList = __import__('1-my_list').MyList

----------------------------------------------
common case
>>> my_list = MyList([1, 2, 0])
>>> my_list.print_sorted()
[0, 1, 2]


------------------------------------------------
negative number

>>> my_list = MyList([-1, 5, 3, 10])
>>> my_list.print_sorted()
[-1, 3, 5, 10]

-----------------------------------------------
more negative numbers

>>> my_list = MyList([-8, 5,-9])
[-9, -8, 5]

-----------------------------------------------
empty list

>>> my_list = MyList([])
>>> my_list.print_sorted()
[]

-----------------------------------------------
common case

>>> my_list = MyList([1, 2, 3])
>>> my_list
[1, 2, 3]

------------------------------------------
parent object

>>> my_list = [1, 2]
>>> my_list.print_sorted()
Traceback (most recent call last):
	...
AttributeError: 'list' object has no attribute 'print_sorted'
